[2m11:54:02 AM[22m [31m[1m[vite][22m[39m [31mInternal server error: Failed to resolve import "./pages/About" from "src/App.jsx". Does the file exist?[39m
  Plugin: [35mvite:import-analysis[39m
  File: [36mC:/Users/hirun/OneDrive/Desktop/Life Location Code Management System/frontend/src/App.jsx[39m:7:35
[33m  21 |  import { LanguageProvider } from "./context/LanguageContext";
  22 |  import Home from "./pages/Home";
  23 |  import About from "./pages/About";
     |                     ^
  24 |  import LocationSearch from "./pages/LocationSearch";
  25 |  import SameGnDifferentDs from "./pages/SameGnDifferentDs";[39m
      at TransformPluginContext._formatError (file:///C:/Users/hirun/OneDrive/Desktop/Life%20Location%20Code%20Management%20System/frontend/node_modules/vite/dist/node/chunks/dep-BK3b2jBa.js:49258:41)
      at TransformPluginContext.error (file:///C:/Users/hirun/OneDrive/Desktop/Life%20Location%20Code%20Management%20System/frontend/node_modules/vite/dist/node/chunks/dep-BK3b2jBa.js:49253:16)
      at normalizeUrl (file:///C:/Users/hirun/OneDrive/Desktop/Life%20Location%20Code%20Management%20System/frontend/node_modules/vite/dist/node/chunks/dep-BK3b2jBa.js:64307:23)
      at process.processTicksAndRejections (node:internal/process/task_queues:105:5)
      at async file:///C:/Users/hirun/OneDrive/Desktop/Life%20Location%20Code%20Management%20System/frontend/node_modules/vite/dist/node/chunks/dep-BK3b2jBa.js:64439:39
      at async Promise.all (index 8)
      at async TransformPluginContext.transform (file:///C:/Users/hirun/OneDrive/Desktop/Life%20Location%20Code%20Management%20System/frontend/node_modules/vite/dist/node/chunks/dep-BK3b2jBa.js:64366:7)
      at async PluginContainer.transform (file:///C:/Users/hirun/OneDrive/Desktop/Life%20Location%20Code%20Management%20System/frontend/node_modules/vite/dist/node/chunks/dep-BK3b2jBa.js:49099:18)
      at async loadAndTransform (file:///C:/Users/hirun/OneDrive/Desktop/Life%20Location%20Code%20Management%20System/frontend/node_modules/vite/dist/node/chunks/dep-BK3b2jBa.js:51978:27)
      at async viteTransformMiddleware (file:///C:/Users/hirun/OneDrive/Desktop/Life%20Location%20Code%20Management%20System/frontend/node_modules/vite/dist/node/chunks/dep-BK3b2jBa.js:62106:24)
[2m11:54:04 AM[22m [31m[1m[vite][22m[39m Pre-transform error: Failed to resolve import "./pages/About" from "src/App.jsx". Does the file exist?
[2m11:54:04 AM[22m [31m[1m[vite][22m[39m [31mInternal server error: Failed to resolve import "./pages/About" from "src/App.jsx". Does the file exist?[39m
  Plugin: [35mvite:import-analysis[39m
  File: [36mC:/Users/hirun/OneDrive/Desktop/Life Location Code Management System/frontend/src/App.jsx[39m:7:35
[33m  21 |  import { LanguageProvider } from "./context/LanguageContext";
  22 |  import Home from "./pages/Home";
  23 |  import About from "./pages/About";
     |                     ^
  24 |  import LocationSearch from "./pages/LocationSearch";
  25 |  import SameGnDifferentDs from "./pages/SameGnDifferentDs";[39m
      at TransformPluginContext._formatError (file:///C:/Users/hirun/OneDrive/Desktop/Life%20Location%20Code%20Management%20System/frontend/node_modules/vite/dist/node/chunks/dep-BK3b2jBa.js:49258:41)
      at TransformPluginContext.error (file:///C:/Users/hirun/OneDrive/Desktop/Life%20Location%20Code%20Management%20System/frontend/node_modules/vite/dist/node/chunks/dep-BK3b2jBa.js:49253:16)
      at normalizeUrl (file:///C:/Users/hirun/OneDrive/Desktop/Life%20Location%20Code%20Management%20System/frontend/node_modules/vite/dist/node/chunks/dep-BK3b2jBa.js:64307:23)
      at process.processTicksAndRejections (node:internal/process/task_queues:105:5)
      at async file:///C:/Users/hirun/OneDrive/Desktop/Life%20Location%20Code%20Management%20System/frontend/node_modules/vite/dist/node/chunks/dep-BK3b2jBa.js:64439:39
      at async Promise.all (index 8)
      at async TransformPluginContext.transform (file:///C:/Users/hirun/OneDrive/Desktop/Life%20Location%20Code%20Management%20System/frontend/node_modules/vite/dist/node/chunks/dep-BK3b2jBa.js:64366:7)
      at async PluginContainer.transform (file:///C:/Users/hirun/OneDrive/Desktop/Life%20Location%20Code%20Management%20System/frontend/node_modules/vite/dist/node/chunks/dep-BK3b2jBa.js:49099:18)
      at async loadAndTransform (file:///C:/Users/hirun/OneDrive/Desktop/Life%20Location%20Code%20Management%20System/frontend/node_modules/vite/dist/node/chunks/dep-BK3b2jBa.js:51978:27)
      at async viteTransformMiddleware (file:///C:/Users/hirun/OneDrive/Desktop/Life%20Location%20Code%20Management%20System/frontend/node_modules/vite/dist/node/chunks/dep-BK3b2jBa.js:62106:24)
[2m11:54:05 AM[22m [31m[1m[vite][22m[39m Pre-transform error: Failed to resolve import "./pages/About" from "src/App.jsx". Does the file exist?
[2m11:54:05 AM[22m [31m[1m[vite][22m[39m [31mInternal server error: Failed to resolve import "./pages/About" from "src/App.jsx". Does the file exist?[39m
  Plugin: [35mvite:import-analysis[39m
  File: [36mC:/Users/hirun/OneDrive/Desktop/Life Location Code Management System/frontend/src/App.jsx[39m:7:35
[33m  21 |  import { LanguageProvider } from "./context/LanguageContext";
  22 |  import Home from "./pages/Home";
  23 |  import About from "./pages/About";
     |                     ^
  24 |  import LocationSearch from "./pages/LocationSearch";
  25 |  import SameGnDifferentDs from "./pages/SameGnDifferentDs";[39m
      at TransformPluginContext._formatError (file:///C:/Users/hirun/OneDrive/Desktop/Life%20Location%20Code%20Management%20System/frontend/node_modules/vite/dist/node/chunks/dep-BK3b2jBa.js:49258:41)
      at TransformPluginContext.error (file:///C:/Users/hirun/OneDrive/Desktop/Life%20Location%20Code%20Management%20System/frontend/node_modules/vite/dist/node/chunks/dep-BK3b2jBa.js:49253:16)
      at normalizeUrl (file:///C:/Users/hirun/OneDrive/Desktop/Life%20Location%20Code%20Management%20System/frontend/node_modules/vite/dist/node/chunks/dep-BK3b2jBa.js:64307:23)
      at process.processTicksAndRejections (node:internal/process/task_queues:105:5)
      at async file:///C:/Users/hirun/OneDrive/Desktop/Life%20Location%20Code%20Management%20System/frontend/node_modules/vite/dist/node/chunks/dep-BK3b2jBa.js:64439:39
      at async Promise.all (index 8)
      at async TransformPluginContext.transform (file:///C:/Users/hirun/OneDrive/Desktop/Life%20Location%20Code%20Management%20System/frontend/node_modules/vite/dist/node/chunks/dep-BK3b2jBa.js:64366:7)
      at async PluginContainer.transform (file:///C:/Users/hirun/OneDrive/Desktop/Life%20Location%20Code%20Management%20System/frontend/node_modules/vite/dist/node/chunks/dep-BK3b2jBa.js:49099:18)
      at async loadAndTransform (file:///C:/Users/hirun/OneDrive/Desktop/Life%20Location%20Code%20Management%20System/frontend/node_modules/vite/dist/node/chunks/dep-BK3b2jBa.js:51978:27)
      at async viteTransformMiddleware (file:///C:/Users/hirun/OneDrive/Desktop/Life%20Location%20Code%20Management%20System/frontend/node_modules/vite/dist/node/chunks/dep-BK3b2jBa.js:62106:24)
[2m11:55:40 AM[22m [31m[1m[vite][22m[39m Pre-transform error: Failed to resolve import "./About.css" from "src/pages/About.jsx". Does the file exist?
[2m11:55:40 AM[22m [31m[1m[vite][22m[39m [31mInternal server error: Failed to resolve import "./About.css" from "src/pages/About.jsx". Does the file exist?[39m
  Plugin: [35mvite:import-analysis[39m
  File: [36mC:/Users/hirun/OneDrive/Desktop/Life Location Code Management System/frontend/src/pages/About.jsx[39m:4:7
[33m  18 |  import { Link } from "react-router-dom";
  19 |  import { motion } from "framer-motion";
  20 |  import "./About.css";
     |          ^
  21 |  const reveal = {
  22 |    initial: { opacity: 0, y: 18 },[39m
      at TransformPluginContext._formatError (file:///C:/Users/hirun/OneDrive/Desktop/Life%20Location%20Code%20Management%20System/frontend/node_modules/vite/dist/node/chunks/dep-BK3b2jBa.js:49258:41)
      at TransformPluginContext.error (file:///C:/Users/hirun/OneDrive/Desktop/Life%20Location%20Code%20Management%20System/frontend/node_modules/vite/dist/node/chunks/dep-BK3b2jBa.js:49253:16)
      at normalizeUrl (file:///C:/Users/hirun/OneDrive/Desktop/Life%20Location%20Code%20Management%20System/frontend/node_modules/vite/dist/node/chunks/dep-BK3b2jBa.js:64307:23)
      at process.processTicksAndRejections (node:internal/process/task_queues:105:5)
      at async file:///C:/Users/hirun/OneDrive/Desktop/Life%20Location%20Code%20Management%20System/frontend/node_modules/vite/dist/node/chunks/dep-BK3b2jBa.js:64439:39
      at async Promise.all (index 6)
      at async TransformPluginContext.transform (file:///C:/Users/hirun/OneDrive/Desktop/Life%20Location%20Code%20Management%20System/frontend/node_modules/vite/dist/node/chunks/dep-BK3b2jBa.js:64366:7)
      at async PluginContainer.transform (file:///C:/Users/hirun/OneDrive/Desktop/Life%20Location%20Code%20Management%20System/frontend/node_modules/vite/dist/node/chunks/dep-BK3b2jBa.js:49099:18)
      at async loadAndTransform (file:///C:/Users/hirun/OneDrive/Desktop/Life%20Location%20Code%20Management%20System/frontend/node_modules/vite/dist/node/chunks/dep-BK3b2jBa.js:51978:27)
      at async viteTransformMiddleware (file:///C:/Users/hirun/OneDrive/Desktop/Life%20Location%20Code%20Management%20System/frontend/node_modules/vite/dist/node/chunks/dep-BK3b2jBa.js:62106:24)
[2m12:17:36 PM[22m [31m[1m[vite][22m[39m [31mInternal server error: C:\Users\hirun\OneDrive\Desktop\Life Location Code Management System\frontend\src\components\Layout.jsx: Unexpected token (8:1)

[0m [90m  6 |[31m
 [90m  7 |[31m [36mconst[31m publicLinks [33m=[31m [
[31m[1m>[22m[31m[90m  8 |[31m [33m<<[31m[33m<<[31m[33m<<[31m[33m<[31m [33mHEAD[31m
 [90m    |[31m  [31m[1m^[22m[31m
 [90m  9 |[31m   { to[33m:[31m [32m'/'[31m[33m,[31m labelKey[33m:[31m [32m'locationDirectoryNav'[31m[33m,[31m end[33m:[31m [36mtrue[31m }[33m,[31m
 [90m 10 |[31m [33m===[31m[33m===[31m[33m=[31m
 [90m 11 |[31m   { to[33m:[31m [32m'/'[31m[33m,[31m labelKey[33m:[31m [32m'home'[31m[33m,[31m end[33m:[31m [36mtrue[31m }[33m,[31m[0m[39m
  Plugin: [35mvite:react-babel[39m
  File: [36mC:/Users/hirun/OneDrive/Desktop/Life Location Code Management System/frontend/src/components/Layout.jsx[39m:8:1
[33m  6  |  
  7  |  const publicLinks = [
  8  |  <<<<<<< HEAD
     |          ^
  9  |    { to: '/', labelKey: 'locationDirectoryNav', end: true },
  10 |  =======[39m
      at constructor (C:\Users\hirun\OneDrive\Desktop\Life Location Code Management System\frontend\node_modules\@babel\parser\lib\index.js:365:19)
      at JSXParserMixin.raise (C:\Users\hirun\OneDrive\Desktop\Life Location Code Management System\frontend\node_modules\@babel\parser\lib\index.js:6616:19)
      at JSXParserMixin.unexpected (C:\Users\hirun\OneDrive\Desktop\Life Location Code Management System\frontend\node_modules\@babel\parser\lib\index.js:6636:16)
      at JSXParserMixin.jsxParseIdentifier (C:\Users\hirun\OneDrive\Desktop\Life Location Code Management System\frontend\node_modules\@babel\parser\lib\index.js:4581:12)
      at JSXParserMixin.jsxParseNamespacedName (C:\Users\hirun\OneDrive\Desktop\Life Location Code Management System\frontend\node_modules\@babel\parser\lib\index.js:4588:23)
      at JSXParserMixin.jsxParseElementName (C:\Users\hirun\OneDrive\Desktop\Life Location Code Management System\frontend\node_modules\@babel\parser\lib\index.js:4597:21)
      at JSXParserMixin.jsxParseOpeningElementAt (C:\Users\hirun\OneDrive\Desktop\Life Location Code Management System\frontend\node_modules\@babel\parser\lib\index.js:4673:22)
      at JSXParserMixin.jsxParseElementAt (C:\Users\hirun\OneDrive\Desktop\Life Location Code Management System\frontend\node_modules\@babel\parser\lib\index.js:4698:33)
      at JSXParserMixin.jsxParseElement (C:\Users\hirun\OneDrive\Desktop\Life Location Code Management System\frontend\node_modules\@babel\parser\lib\index.js:4761:17)
      at JSXParserMixin.parseExprAtom (C:\Users\hirun\OneDrive\Desktop\Life Location Code Management System\frontend\node_modules\@babel\parser\lib\index.js:4771:19)
      at JSXParserMixin.parseExprSubscripts (C:\Users\hirun\OneDrive\Desktop\Life Location Code Management System\frontend\node_modules\@babel\parser\lib\index.js:11098:23)
      at JSXParserMixin.parseUpdate (C:\Users\hirun\OneDrive\Desktop\Life Location Code Management System\frontend\node_modules\@babel\parser\lib\index.js:11083:21)
      at JSXParserMixin.parseMaybeUnary (C:\Users\hirun\OneDrive\Desktop\Life Location Code Management System\frontend\node_modules\@babel\parser\lib\index.js:11063:23)
      at JSXParserMixin.parseMaybeUnaryOrPrivate (C:\Users\hirun\OneDrive\Desktop\Life Location Code Management System\frontend\node_modules\@babel\parser\lib\index.js:10916:61)
      at JSXParserMixin.parseExprOps (C:\Users\hirun\OneDrive\Desktop\Life Location Code Management System\frontend\node_modules\@babel\parser\lib\index.js:10921:23)
      at JSXParserMixin.parseMaybeConditional (C:\Users\hirun\OneDrive\Desktop\Life Location Code Management System\frontend\node_modules\@babel\parser\lib\index.js:10898:23)
      at JSXParserMixin.parseMaybeAssign (C:\Users\hirun\OneDrive\Desktop\Life Location Code Management System\frontend\node_modules\@babel\parser\lib\index.js:10848:21)
      at C:\Users\hirun\OneDrive\Desktop\Life Location Code Management System\frontend\node_modules\@babel\parser\lib\index.js:10817:39
      at JSXParserMixin.allowInAnd (C:\Users\hirun\OneDrive\Desktop\Life Location Code Management System\frontend\node_modules\@babel\parser\lib\index.js:12443:12)
      at JSXParserMixin.parseMaybeAssignAllowIn (C:\Users\hirun\OneDrive\Desktop\Life Location Code Management System\frontend\node_modules\@babel\parser\lib\index.js:10817:17)
      at JSXParserMixin.parseMaybeAssignAllowInOrVoidPattern (C:\Users\hirun\OneDrive\Desktop\Life Location Code Management System\frontend\node_modules\@babel\parser\lib\index.js:12510:17)
      at JSXParserMixin.parseExprListItem (C:\Users\hirun\OneDrive\Desktop\Life Location Code Management System\frontend\node_modules\@babel\parser\lib\index.js:12192:18)
      at JSXParserMixin.parseExprList (C:\Users\hirun\OneDrive\Desktop\Life Location Code Management System\frontend\node_modules\@babel\parser\lib\index.js:12167:22)
      at JSXParserMixin.parseArrayLike (C:\Users\hirun\OneDrive\Desktop\Life Location Code Management System\frontend\node_modules\@babel\parser\lib\index.js:12074:26)
      at JSXParserMixin.parseExprAtom (C:\Users\hirun\OneDrive\Desktop\Life Location Code Management System\frontend\node_modules\@babel\parser\lib\index.js:11352:23)
      at JSXParserMixin.parseExprAtom (C:\Users\hirun\OneDrive\Desktop\Life Location Code Management System\frontend\node_modules\@babel\parser\lib\index.js:4776:20)
      at JSXParserMixin.parseExprSubscripts (C:\Users\hirun\OneDrive\Desktop\Life Location Code Management System\frontend\node_modules\@babel\parser\lib\index.js:11098:23)
      at JSXParserMixin.parseUpdate (C:\Users\hirun\OneDrive\Desktop\Life Location Code Management System\frontend\node_modules\@babel\parser\lib\index.js:11083:21)
      at JSXParserMixin.parseMaybeUnary (C:\Users\hirun\OneDrive\Desktop\Life Location Code Management System\frontend\node_modules\@babel\parser\lib\index.js:11063:23)
      at JSXParserMixin.parseMaybeUnaryOrPrivate (C:\Users\hirun\OneDrive\Desktop\Life Location Code Management System\frontend\node_modules\@babel\parser\lib\index.js:10916:61)
      at JSXParserMixin.parseExprOps (C:\Users\hirun\OneDrive\Desktop\Life Location Code Management System\frontend\node_modules\@babel\parser\lib\index.js:10921:23)
      at JSXParserMixin.parseMaybeConditional (C:\Users\hirun\OneDrive\Desktop\Life Location Code Management System\frontend\node_modules\@babel\parser\lib\index.js:10898:23)
      at JSXParserMixin.parseMaybeAssign (C:\Users\hirun\OneDrive\Desktop\Life Location Code Management System\frontend\node_modules\@babel\parser\lib\index.js:10848:21)
      at C:\Users\hirun\OneDrive\Desktop\Life Location Code Management System\frontend\node_modules\@babel\parser\lib\index.js:10817:39
      at JSXParserMixin.allowInAnd (C:\Users\hirun\OneDrive\Desktop\Life Location Code Management System\frontend\node_modules\@babel\parser\lib\index.js:12438:16)
      at JSXParserMixin.parseMaybeAssignAllowIn (C:\Users\hirun\OneDrive\Desktop\Life Location Code Management System\frontend\node_modules\@babel\parser\lib\index.js:10817:17)
      at JSXParserMixin.parseVar (C:\Users\hirun\OneDrive\Desktop\Life Location Code Management System\frontend\node_modules\@babel\parser\lib\index.js:13401:91)
      at JSXParserMixin.parseVarStatement (C:\Users\hirun\OneDrive\Desktop\Life Location Code Management System\frontend\node_modules\@babel\parser\lib\index.js:13247:10)
      at JSXParserMixin.parseStatementContent (C:\Users\hirun\OneDrive\Desktop\Life Location Code Management System\frontend\node_modules\@babel\parser\lib\index.js:12868:23)
      at JSXParserMixin.parseStatementLike (C:\Users\hirun\OneDrive\Desktop\Life Location Code Management System\frontend\node_modules\@babel\parser\lib\index.js:12784:17)
      at JSXParserMixin.parseModuleItem (C:\Users\hirun\OneDrive\Desktop\Life Location Code Management System\frontend\node_modules\@babel\parser\lib\index.js:12761:17)
      at JSXParserMixin.parseBlockOrModuleBlockBody (C:\Users\hirun\OneDrive\Desktop\Life Location Code Management System\frontend\node_modules\@babel\parser\lib\index.js:13333:36)
      at JSXParserMixin.parseBlockBody (C:\Users\hirun\OneDrive\Desktop\Life Location Code Management System\frontend\node_modules\@babel\parser\lib\index.js:13326:10)
      at JSXParserMixin.parseProgram (C:\Users\hirun\OneDrive\Desktop\Life Location Code Management System\frontend\node_modules\@babel\parser\lib\index.js:12639:10)
      at JSXParserMixin.parseTopLevel (C:\Users\hirun\OneDrive\Desktop\Life Location Code Management System\frontend\node_modules\@babel\parser\lib\index.js:12629:25)
      at JSXParserMixin.parse (C:\Users\hirun\OneDrive\Desktop\Life Location Code Management System\frontend\node_modules\@babel\parser\lib\index.js:14505:25)
      at parse (C:\Users\hirun\OneDrive\Desktop\Life Location Code Management System\frontend\node_modules\@babel\parser\lib\index.js:14539:38)
      at parser (C:\Users\hirun\OneDrive\Desktop\Life Location Code Management System\frontend\node_modules\@babel\core\lib\parser\index.js:41:34)
      at parser.next (<anonymous>)
      at normalizeFile (C:\Users\hirun\OneDrive\Desktop\Life Location Code Management System\frontend\node_modules\@babel\core\lib\transformation\normalize-file.js:51:37)
[2m12:17:36 PM[22m [31m[1m[vite][22m[39m [31mInternal server error: C:\Users\hirun\OneDrive\Desktop\Life Location Code Management System\frontend\src\App.jsx: Unexpected token (39:1)

[0m [90m 37 |[31m         [33m<[31m[33mRoutes[31m[33m>[31m
 [90m 38 |[31m           {[90m/* Public */[31m}
[31m[1m>[22m[31m[90m 39 |[31m [33m<<[31m[33m<<[31m[33m<<[31m[33m<[31m [33mHEAD[31m
 [90m    |[31m  [31m[1m^[22m[31m
 [90m 40 |[31m           [33m<[31m[33mRoute[31m path[33m=[31m[32m"/"[31m        element[33m=[31m{[33m<[31m[33mLayout[31m[33m>[31m[33m<[31m[33mLocationSearch[31m [33m/[31m[33m>[31m[33m<[31m[35m/Layout>} /[31m[33m>[31m
 [90m 41 |[31m           [33m<[31m[33mRoute[31m path[33m=[31m[32m"/about"[31m   element[33m=[31m{[33m<[31m[33mLayout[31m[33m>[31m[33m<[31m[33mAbout[31m [33m/[31m[33m>[31m[33m<[31m[35m/Layout>} /[31m[33m>[31m
 [90m 42 |[31m [33m===[31m[33m===[31m[33m=[31m[0m[39m
  Plugin: [35mvite:react-babel[39m
  File: [36mC:/Users/hirun/OneDrive/Desktop/Life Location Code Management System/frontend/src/App.jsx[39m:39:1
[33m  38 |            {/* Public */}
  39 |  <<<<<<< HEAD
  40 |            <Route path="/"        element={<Layout><LocationSearch /></Layout>} />
     |                            ^
  41 |            <Route path="/about"   element={<Layout><About /></Layout>} />
  42 |  =======[39m
      at constructor (C:\Users\hirun\OneDrive\Desktop\Life Location Code Management System\frontend\node_modules\@babel\parser\lib\index.js:365:19)
      at JSXParserMixin.raise (C:\Users\hirun\OneDrive\Desktop\Life Location Code Management System\frontend\node_modules\@babel\parser\lib\index.js:6616:19)
      at JSXParserMixin.unexpected (C:\Users\hirun\OneDrive\Desktop\Life Location Code Management System\frontend\node_modules\@babel\parser\lib\index.js:6636:16)
      at JSXParserMixin.jsxParseIdentifier (C:\Users\hirun\OneDrive\Desktop\Life Location Code Management System\frontend\node_modules\@babel\parser\lib\index.js:4581:12)
      at JSXParserMixin.jsxParseNamespacedName (C:\Users\hirun\OneDrive\Desktop\Life Location Code Management System\frontend\node_modules\@babel\parser\lib\index.js:4588:23)
      at JSXParserMixin.jsxParseElementName (C:\Users\hirun\OneDrive\Desktop\Life Location Code Management System\frontend\node_modules\@babel\parser\lib\index.js:4597:21)
      at JSXParserMixin.jsxParseOpeningElementAt (C:\Users\hirun\OneDrive\Desktop\Life Location Code Management System\frontend\node_modules\@babel\parser\lib\index.js:4673:22)
      at JSXParserMixin.jsxParseElementAt (C:\Users\hirun\OneDrive\Desktop\Life Location Code Management System\frontend\node_modules\@babel\parser\lib\index.js:4698:33)
      at JSXParserMixin.jsxParseElementAt (C:\Users\hirun\OneDrive\Desktop\Life Location Code Management System\frontend\node_modules\@babel\parser\lib\index.js:4710:32)
      at JSXParserMixin.jsxParseElementAt (C:\Users\hirun\OneDrive\Desktop\Life Location Code Management System\frontend\node_modules\@babel\parser\lib\index.js:4710:32)
      at JSXParserMixin.jsxParseElementAt (C:\Users\hirun\OneDrive\Desktop\Life Location Code Management System\frontend\node_modules\@babel\parser\lib\index.js:4710:32)
      at JSXParserMixin.jsxParseElementAt (C:\Users\hirun\OneDrive\Desktop\Life Location Code Management System\frontend\node_modules\@babel\parser\lib\index.js:4710:32)
      at JSXParserMixin.jsxParseElement (C:\Users\hirun\OneDrive\Desktop\Life Location Code Management System\frontend\node_modules\@babel\parser\lib\index.js:4761:17)
      at JSXParserMixin.parseExprAtom (C:\Users\hirun\OneDrive\Desktop\Life Location Code Management System\frontend\node_modules\@babel\parser\lib\index.js:4771:19)
      at JSXParserMixin.parseExprSubscripts (C:\Users\hirun\OneDrive\Desktop\Life Location Code Management System\frontend\node_modules\@babel\parser\lib\index.js:11098:23)
      at JSXParserMixin.parseUpdate (C:\Users\hirun\OneDrive\Desktop\Life Location Code Management System\frontend\node_modules\@babel\parser\lib\index.js:11083:21)
      at JSXParserMixin.parseMaybeUnary (C:\Users\hirun\OneDrive\Desktop\Life Location Code Management System\frontend\node_modules\@babel\parser\lib\index.js:11063:23)
      at JSXParserMixin.parseMaybeUnaryOrPrivate (C:\Users\hirun\OneDrive\Desktop\Life Location Code Management System\frontend\node_modules\@babel\parser\lib\index.js:10916:61)
      at JSXParserMixin.parseExprOps (C:\Users\hirun\OneDrive\Desktop\Life Location Code Management System\frontend\node_modules\@babel\parser\lib\index.js:10921:23)
      at JSXParserMixin.parseMaybeConditional (C:\Users\hirun\OneDrive\Desktop\Life Location Code Management System\frontend\node_modules\@babel\parser\lib\index.js:10898:23)
      at JSXParserMixin.parseMaybeAssign (C:\Users\hirun\OneDrive\Desktop\Life Location Code Management System\frontend\node_modules\@babel\parser\lib\index.js:10848:21)
      at C:\Users\hirun\OneDrive\Desktop\Life Location Code Management System\frontend\node_modules\@babel\parser\lib\index.js:10817:39
      at JSXParserMixin.allowInAnd (C:\Users\hirun\OneDrive\Desktop\Life Location Code Management System\frontend\node_modules\@babel\parser\lib\index.js:12443:12)
      at JSXParserMixin.parseMaybeAssignAllowIn (C:\Users\hirun\OneDrive\Desktop\Life Location Code Management System\frontend\node_modules\@babel\parser\lib\index.js:10817:17)
      at JSXParserMixin.parseMaybeAssignAllowInOrVoidPattern (C:\Users\hirun\OneDrive\Desktop\Life Location Code Management System\frontend\node_modules\@babel\parser\lib\index.js:12510:17)
      at JSXParserMixin.parseParenAndDistinguishExpression (C:\Users\hirun\OneDrive\Desktop\Life Location Code Management System\frontend\node_modules\@babel\parser\lib\index.js:11692:28)
      at JSXParserMixin.parseExprAtom (C:\Users\hirun\OneDrive\Desktop\Life Location Code Management System\frontend\node_modules\@babel\parser\lib\index.js:11348:23)
      at JSXParserMixin.parseExprAtom (C:\Users\hirun\OneDrive\Desktop\Life Location Code Management System\frontend\node_modules\@babel\parser\lib\index.js:4776:20)
      at JSXParserMixin.parseExprSubscripts (C:\Users\hirun\OneDrive\Desktop\Life Location Code Management System\frontend\node_modules\@babel\parser\lib\index.js:11098:23)
      at JSXParserMixin.parseUpdate (C:\Users\hirun\OneDrive\Desktop\Life Location Code Management System\frontend\node_modules\@babel\parser\lib\index.js:11083:21)
      at JSXParserMixin.parseMaybeUnary (C:\Users\hirun\OneDrive\Desktop\Life Location Code Management System\frontend\node_modules\@babel\parser\lib\index.js:11063:23)
      at JSXParserMixin.parseMaybeUnaryOrPrivate (C:\Users\hirun\OneDrive\Desktop\Life Location Code Management System\frontend\node_modules\@babel\parser\lib\index.js:10916:61)
      at JSXParserMixin.parseExprOps (C:\Users\hirun\OneDrive\Desktop\Life Location Code Management System\frontend\node_modules\@babel\parser\lib\index.js:10921:23)
      at JSXParserMixin.parseMaybeConditional (C:\Users\hirun\OneDrive\Desktop\Life Location Code Management System\frontend\node_modules\@babel\parser\lib\index.js:10898:23)
      at JSXParserMixin.parseMaybeAssign (C:\Users\hirun\OneDrive\Desktop\Life Location Code Management System\frontend\node_modules\@babel\parser\lib\index.js:10848:21)
      at JSXParserMixin.parseExpressionBase (C:\Users\hirun\OneDrive\Desktop\Life Location Code Management System\frontend\node_modules\@babel\parser\lib\index.js:10801:23)
      at C:\Users\hirun\OneDrive\Desktop\Life Location Code Management System\frontend\node_modules\@babel\parser\lib\index.js:10797:39
      at JSXParserMixin.allowInAnd (C:\Users\hirun\OneDrive\Desktop\Life Location Code Management System\frontend\node_modules\@babel\parser\lib\index.js:12438:16)
      at JSXParserMixin.parseExpression (C:\Users\hirun\OneDrive\Desktop\Life Location Code Management System\frontend\node_modules\@babel\parser\lib\index.js:10797:17)
      at JSXParserMixin.parseReturnStatement (C:\Users\hirun\OneDrive\Desktop\Life Location Code Management System\frontend\node_modules\@babel\parser\lib\index.js:13159:28)
      at JSXParserMixin.parseStatementContent (C:\Users\hirun\OneDrive\Desktop\Life Location Code Management System\frontend\node_modules\@babel\parser\lib\index.js:12815:21)
      at JSXParserMixin.parseStatementLike (C:\Users\hirun\OneDrive\Desktop\Life Location Code Management System\frontend\node_modules\@babel\parser\lib\index.js:12784:17)
      at JSXParserMixin.parseStatementListItem (C:\Users\hirun\OneDrive\Desktop\Life Location Code Management System\frontend\node_modules\@babel\parser\lib\index.js:12764:17)
      at JSXParserMixin.parseBlockOrModuleBlockBody (C:\Users\hirun\OneDrive\Desktop\Life Location Code Management System\frontend\node_modules\@babel\parser\lib\index.js:13333:61)
      at JSXParserMixin.parseBlockBody (C:\Users\hirun\OneDrive\Desktop\Life Location Code Management System\frontend\node_modules\@babel\parser\lib\index.js:13326:10)
      at JSXParserMixin.parseBlock (C:\Users\hirun\OneDrive\Desktop\Life Location Code Management System\frontend\node_modules\@babel\parser\lib\index.js:13314:10)
      at JSXParserMixin.parseFunctionBody (C:\Users\hirun\OneDrive\Desktop\Life Location Code Management System\frontend\node_modules\@babel\parser\lib\index.js:12117:24)
      at JSXParserMixin.parseFunctionBodyAndFinish (C:\Users\hirun\OneDrive\Desktop\Life Location Code Management System\frontend\node_modules\@babel\parser\lib\index.js:12103:10)
      at C:\Users\hirun\OneDrive\Desktop\Life Location Code Management System\frontend\node_modules\@babel\parser\lib\index.js:13462:12
      at JSXParserMixin.withSmartMixTopicForbiddingContext (C:\Users\hirun\OneDrive\Desktop\Life Location Code Management System\frontend\node_modules\@babel\parser\lib\index.js:12420:14)
[2m12:17:36 PM[22m [31m[1m[vite][22m[39m [31mInternal server error: C:\Users\hirun\OneDrive\Desktop\Life Location Code Management System\frontend\src\App.jsx: Unexpected token (39:1)

[0m [90m 37 |[31m         [33m<[31m[33mRoutes[31m[33m>[31m
 [90m 38 |[31m           {[90m/* Public */[31m}
[31m[1m>[22m[31m[90m 39 |[31m [33m<<[31m[33m<<[31m[33m<<[31m[33m<[31m [33mHEAD[31m
 [90m    |[31m  [31m[1m^[22m[31m
 [90m 40 |[31m           [33m<[31m[33mRoute[31m path[33m=[31m[32m"/"[31m        element[33m=[31m{[33m<[31m[33mLayout[31m[33m>[31m[33m<[31m[33mLocationSearch[31m [33m/[31m[33m>[31m[33m<[31m[35m/Layout>} /[31m[33m>[31m
 [90m 41 |[31m           [33m<[31m[33mRoute[31m path[33m=[31m[32m"/about"[31m   element[33m=[31m{[33m<[31m[33mLayout[31m[33m>[31m[33m<[31m[33mAbout[31m [33m/[31m[33m>[31m[33m<[31m[35m/Layout>} /[31m[33m>[31m
 [90m 42 |[31m [33m===[31m[33m===[31m[33m=[31m[0m[39m
  Plugin: [35mvite:react-babel[39m
  File: [36mC:/Users/hirun/OneDrive/Desktop/Life Location Code Management System/frontend/src/App.jsx[39m:39:1
[33m  38 |            {/* Public */}
  39 |  <<<<<<< HEAD
  40 |            <Route path="/"        element={<Layout><LocationSearch /></Layout>} />
     |                            ^
  41 |            <Route path="/about"   element={<Layout><About /></Layout>} />
  42 |  =======[39m
      at constructor (C:\Users\hirun\OneDrive\Desktop\Life Location Code Management System\frontend\node_modules\@babel\parser\lib\index.js:365:19)
      at JSXParserMixin.raise (C:\Users\hirun\OneDrive\Desktop\Life Location Code Management System\frontend\node_modules\@babel\parser\lib\index.js:6616:19)
      at JSXParserMixin.unexpected (C:\Users\hirun\OneDrive\Desktop\Life Location Code Management System\frontend\node_modules\@babel\parser\lib\index.js:6636:16)
      at JSXParserMixin.jsxParseIdentifier (C:\Users\hirun\OneDrive\Desktop\Life Location Code Management System\frontend\node_modules\@babel\parser\lib\index.js:4581:12)
      at JSXParserMixin.jsxParseNamespacedName (C:\Users\hirun\OneDrive\Desktop\Life Location Code Management System\frontend\node_modules\@babel\parser\lib\index.js:4588:23)
      at JSXParserMixin.jsxParseElementName (C:\Users\hirun\OneDrive\Desktop\Life Location Code Management System\frontend\node_modules\@babel\parser\lib\index.js:4597:21)
      at JSXParserMixin.jsxParseOpeningElementAt (C:\Users\hirun\OneDrive\Desktop\Life Location Code Management System\frontend\node_modules\@babel\parser\lib\index.js:4673:22)
      at JSXParserMixin.jsxParseElementAt (C:\Users\hirun\OneDrive\Desktop\Life Location Code Management System\frontend\node_modules\@babel\parser\lib\index.js:4698:33)
      at JSXParserMixin.jsxParseElementAt (C:\Users\hirun\OneDrive\Desktop\Life Location Code Management System\frontend\node_modules\@babel\parser\lib\index.js:4710:32)
      at JSXParserMixin.jsxParseElementAt (C:\Users\hirun\OneDrive\Desktop\Life Location Code Management System\frontend\node_modules\@babel\parser\lib\index.js:4710:32)
      at JSXParserMixin.jsxParseElementAt (C:\Users\hirun\OneDrive\Desktop\Life Location Code Management System\frontend\node_modules\@babel\parser\lib\index.js:4710:32)
      at JSXParserMixin.jsxParseElementAt (C:\Users\hirun\OneDrive\Desktop\Life Location Code Management System\frontend\node_modules\@babel\parser\lib\index.js:4710:32)
      at JSXParserMixin.jsxParseElement (C:\Users\hirun\OneDrive\Desktop\Life Location Code Management System\frontend\node_modules\@babel\parser\lib\index.js:4761:17)
      at JSXParserMixin.parseExprAtom (C:\Users\hirun\OneDrive\Desktop\Life Location Code Management System\frontend\node_modules\@babel\parser\lib\index.js:4771:19)
      at JSXParserMixin.parseExprSubscripts (C:\Users\hirun\OneDrive\Desktop\Life Location Code Management System\frontend\node_modules\@babel\parser\lib\index.js:11098:23)
      at JSXParserMixin.parseUpdate (C:\Users\hirun\OneDrive\Desktop\Life Location Code Management System\frontend\node_modules\@babel\parser\lib\index.js:11083:21)
      at JSXParserMixin.parseMaybeUnary (C:\Users\hirun\OneDrive\Desktop\Life Location Code Management System\frontend\node_modules\@babel\parser\lib\index.js:11063:23)
      at JSXParserMixin.parseMaybeUnaryOrPrivate (C:\Users\hirun\OneDrive\Desktop\Life Location Code Management System\frontend\node_modules\@babel\parser\lib\index.js:10916:61)
      at JSXParserMixin.parseExprOps (C:\Users\hirun\OneDrive\Desktop\Life Location Code Management System\frontend\node_modules\@babel\parser\lib\index.js:10921:23)
      at JSXParserMixin.parseMaybeConditional (C:\Users\hirun\OneDrive\Desktop\Life Location Code Management System\frontend\node_modules\@babel\parser\lib\index.js:10898:23)
      at JSXParserMixin.parseMaybeAssign (C:\Users\hirun\OneDrive\Desktop\Life Location Code Management System\frontend\node_modules\@babel\parser\lib\index.js:10848:21)
      at C:\Users\hirun\OneDrive\Desktop\Life Location Code Management System\frontend\node_modules\@babel\parser\lib\index.js:10817:39
      at JSXParserMixin.allowInAnd (C:\Users\hirun\OneDrive\Desktop\Life Location Code Management System\frontend\node_modules\@babel\parser\lib\index.js:12443:12)
      at JSXParserMixin.parseMaybeAssignAllowIn (C:\Users\hirun\OneDrive\Desktop\Life Location Code Management System\frontend\node_modules\@babel\parser\lib\index.js:10817:17)
      at JSXParserMixin.parseMaybeAssignAllowInOrVoidPattern (C:\Users\hirun\OneDrive\Desktop\Life Location Code Management System\frontend\node_modules\@babel\parser\lib\index.js:12510:17)
      at JSXParserMixin.parseParenAndDistinguishExpression (C:\Users\hirun\OneDrive\Desktop\Life Location Code Management System\frontend\node_modules\@babel\parser\lib\index.js:11692:28)
      at JSXParserMixin.parseExprAtom (C:\Users\hirun\OneDrive\Desktop\Life Location Code Management System\frontend\node_modules\@babel\parser\lib\index.js:11348:23)
      at JSXParserMixin.parseExprAtom (C:\Users\hirun\OneDrive\Desktop\Life Location Code Management System\frontend\node_modules\@babel\parser\lib\index.js:4776:20)
      at JSXParserMixin.parseExprSubscripts (C:\Users\hirun\OneDrive\Desktop\Life Location Code Management System\frontend\node_modules\@babel\parser\lib\index.js:11098:23)
      at JSXParserMixin.parseUpdate (C:\Users\hirun\OneDrive\Desktop\Life Location Code Management System\frontend\node_modules\@babel\parser\lib\index.js:11083:21)
      at JSXParserMixin.parseMaybeUnary (C:\Users\hirun\OneDrive\Desktop\Life Location Code Management System\frontend\node_modules\@babel\parser\lib\index.js:11063:23)
      at JSXParserMixin.parseMaybeUnaryOrPrivate (C:\Users\hirun\OneDrive\Desktop\Life Location Code Management System\frontend\node_modules\@babel\parser\lib\index.js:10916:61)
      at JSXParserMixin.parseExprOps (C:\Users\hirun\OneDrive\Desktop\Life Location Code Management System\frontend\node_modules\@babel\parser\lib\index.js:10921:23)
      at JSXParserMixin.parseMaybeConditional (C:\Users\hirun\OneDrive\Desktop\Life Location Code Management System\frontend\node_modules\@babel\parser\lib\index.js:10898:23)
      at JSXParserMixin.parseMaybeAssign (C:\Users\hirun\OneDrive\Desktop\Life Location Code Management System\frontend\node_modules\@babel\parser\lib\index.js:10848:21)
      at JSXParserMixin.parseExpressionBase (C:\Users\hirun\OneDrive\Desktop\Life Location Code Management System\frontend\node_modules\@babel\parser\lib\index.js:10801:23)
      at C:\Users\hirun\OneDrive\Desktop\Life Location Code Management System\frontend\node_modules\@babel\parser\lib\index.js:10797:39
      at JSXParserMixin.allowInAnd (C:\Users\hirun\OneDrive\Desktop\Life Location Code Management System\frontend\node_modules\@babel\parser\lib\index.js:12438:16)
      at JSXParserMixin.parseExpression (C:\Users\hirun\OneDrive\Desktop\Life Location Code Management System\frontend\node_modules\@babel\parser\lib\index.js:10797:17)
      at JSXParserMixin.parseReturnStatement (C:\Users\hirun\OneDrive\Desktop\Life Location Code Management System\frontend\node_modules\@babel\parser\lib\index.js:13159:28)
      at JSXParserMixin.parseStatementContent (C:\Users\hirun\OneDrive\Desktop\Life Location Code Management System\frontend\node_modules\@babel\parser\lib\index.js:12815:21)
      at JSXParserMixin.parseStatementLike (C:\Users\hirun\OneDrive\Desktop\Life Location Code Management System\frontend\node_modules\@babel\parser\lib\index.js:12784:17)
      at JSXParserMixin.parseStatementListItem (C:\Users\hirun\OneDrive\Desktop\Life Location Code Management System\frontend\node_modules\@babel\parser\lib\index.js:12764:17)
      at JSXParserMixin.parseBlockOrModuleBlockBody (C:\Users\hirun\OneDrive\Desktop\Life Location Code Management System\frontend\node_modules\@babel\parser\lib\index.js:13333:61)
      at JSXParserMixin.parseBlockBody (C:\Users\hirun\OneDrive\Desktop\Life Location Code Management System\frontend\node_modules\@babel\parser\lib\index.js:13326:10)
      at JSXParserMixin.parseBlock (C:\Users\hirun\OneDrive\Desktop\Life Location Code Management System\frontend\node_modules\@babel\parser\lib\index.js:13314:10)
      at JSXParserMixin.parseFunctionBody (C:\Users\hirun\OneDrive\Desktop\Life Location Code Management System\frontend\node_modules\@babel\parser\lib\index.js:12117:24)
      at JSXParserMixin.parseFunctionBodyAndFinish (C:\Users\hirun\OneDrive\Desktop\Life Location Code Management System\frontend\node_modules\@babel\parser\lib\index.js:12103:10)
      at C:\Users\hirun\OneDrive\Desktop\Life Location Code Management System\frontend\node_modules\@babel\parser\lib\index.js:13462:12
      at JSXParserMixin.withSmartMixTopicForbiddingContext (C:\Users\hirun\OneDrive\Desktop\Life Location Code Management System\frontend\node_modules\@babel\parser\lib\index.js:12420:14)
[2m12:17:36 PM[22m [31m[1m[vite][22m[39m [31mInternal server error: C:\Users\hirun\OneDrive\Desktop\Life Location Code Management System\frontend\src\components\Layout.jsx: Unexpected token (8:1)

[0m [90m  6 |[31m
 [90m  7 |[31m [36mconst[31m publicLinks [33m=[31m [
[31m[1m>[22m[31m[90m  8 |[31m [33m<<[31m[33m<<[31m[33m<<[31m[33m<[31m [33mHEAD[31m
 [90m    |[31m  [31m[1m^[22m[31m
 [90m  9 |[31m   { to[33m:[31m [32m'/'[31m[33m,[31m labelKey[33m:[31m [32m'locationDirectoryNav'[31m[33m,[31m end[33m:[31m [36mtrue[31m }[33m,[31m
 [90m 10 |[31m [33m===[31m[33m===[31m[33m=[31m
 [90m 11 |[31m   { to[33m:[31m [32m'/'[31m[33m,[31m labelKey[33m:[31m [32m'home'[31m[33m,[31m end[33m:[31m [36mtrue[31m }[33m,[31m[0m[39m
  Plugin: [35mvite:react-babel[39m
  File: [36mC:/Users/hirun/OneDrive/Desktop/Life Location Code Management System/frontend/src/components/Layout.jsx[39m:8:1
[33m  6  |  
  7  |  const publicLinks = [
  8  |  <<<<<<< HEAD
     |          ^
  9  |    { to: '/', labelKey: 'locationDirectoryNav', end: true },
  10 |  =======[39m
      at constructor (C:\Users\hirun\OneDrive\Desktop\Life Location Code Management System\frontend\node_modules\@babel\parser\lib\index.js:365:19)
      at JSXParserMixin.raise (C:\Users\hirun\OneDrive\Desktop\Life Location Code Management System\frontend\node_modules\@babel\parser\lib\index.js:6616:19)
      at JSXParserMixin.unexpected (C:\Users\hirun\OneDrive\Desktop\Life Location Code Management System\frontend\node_modules\@babel\parser\lib\index.js:6636:16)
      at JSXParserMixin.jsxParseIdentifier (C:\Users\hirun\OneDrive\Desktop\Life Location Code Management System\frontend\node_modules\@babel\parser\lib\index.js:4581:12)
      at JSXParserMixin.jsxParseNamespacedName (C:\Users\hirun\OneDrive\Desktop\Life Location Code Management System\frontend\node_modules\@babel\parser\lib\index.js:4588:23)
      at JSXParserMixin.jsxParseElementName (C:\Users\hirun\OneDrive\Desktop\Life Location Code Management System\frontend\node_modules\@babel\parser\lib\index.js:4597:21)
      at JSXParserMixin.jsxParseOpeningElementAt (C:\Users\hirun\OneDrive\Desktop\Life Location Code Management System\frontend\node_modules\@babel\parser\lib\index.js:4673:22)
      at JSXParserMixin.jsxParseElementAt (C:\Users\hirun\OneDrive\Desktop\Life Location Code Management System\frontend\node_modules\@babel\parser\lib\index.js:4698:33)
      at JSXParserMixin.jsxParseElement (C:\Users\hirun\OneDrive\Desktop\Life Location Code Management System\frontend\node_modules\@babel\parser\lib\index.js:4761:17)
      at JSXParserMixin.parseExprAtom (C:\Users\hirun\OneDrive\Desktop\Life Location Code Management System\frontend\node_modules\@babel\parser\lib\index.js:4771:19)
      at JSXParserMixin.parseExprSubscripts (C:\Users\hirun\OneDrive\Desktop\Life Location Code Management System\frontend\node_modules\@babel\parser\lib\index.js:11098:23)
      at JSXParserMixin.parseUpdate (C:\Users\hirun\OneDrive\Desktop\Life Location Code Management System\frontend\node_modules\@babel\parser\lib\index.js:11083:21)
      at JSXParserMixin.parseMaybeUnary (C:\Users\hirun\OneDrive\Desktop\Life Location Code Management System\frontend\node_modules\@babel\parser\lib\index.js:11063:23)
      at JSXParserMixin.parseMaybeUnaryOrPrivate (C:\Users\hirun\OneDrive\Desktop\Life Location Code Management System\frontend\node_modules\@babel\parser\lib\index.js:10916:61)
      at JSXParserMixin.parseExprOps (C:\Users\hirun\OneDrive\Desktop\Life Location Code Management System\frontend\node_modules\@babel\parser\lib\index.js:10921:23)
      at JSXParserMixin.parseMaybeConditional (C:\Users\hirun\OneDrive\Desktop\Life Location Code Management System\frontend\node_modules\@babel\parser\lib\index.js:10898:23)
      at JSXParserMixin.parseMaybeAssign (C:\Users\hirun\OneDrive\Desktop\Life Location Code Management System\frontend\node_modules\@babel\parser\lib\index.js:10848:21)
      at C:\Users\hirun\OneDrive\Desktop\Life Location Code Management System\frontend\node_modules\@babel\parser\lib\index.js:10817:39
      at JSXParserMixin.allowInAnd (C:\Users\hirun\OneDrive\Desktop\Life Location Code Management System\frontend\node_modules\@babel\parser\lib\index.js:12443:12)
      at JSXParserMixin.parseMaybeAssignAllowIn (C:\Users\hirun\OneDrive\Desktop\Life Location Code Management System\frontend\node_modules\@babel\parser\lib\index.js:10817:17)
      at JSXParserMixin.parseMaybeAssignAllowInOrVoidPattern (C:\Users\hirun\OneDrive\Desktop\Life Location Code Management System\frontend\node_modules\@babel\parser\lib\index.js:12510:17)
      at JSXParserMixin.parseExprListItem (C:\Users\hirun\OneDrive\Desktop\Life Location Code Management System\frontend\node_modules\@babel\parser\lib\index.js:12192:18)
      at JSXParserMixin.parseExprList (C:\Users\hirun\OneDrive\Desktop\Life Location Code Management System\frontend\node_modules\@babel\parser\lib\index.js:12167:22)
      at JSXParserMixin.parseArrayLike (C:\Users\hirun\OneDrive\Desktop\Life Location Code Management System\frontend\node_modules\@babel\parser\lib\index.js:12074:26)
      at JSXParserMixin.parseExprAtom (C:\Users\hirun\OneDrive\Desktop\Life Location Code Management System\frontend\node_modules\@babel\parser\lib\index.js:11352:23)
      at JSXParserMixin.parseExprAtom (C:\Users\hirun\OneDrive\Desktop\Life Location Code Management System\frontend\node_modules\@babel\parser\lib\index.js:4776:20)
      at JSXParserMixin.parseExprSubscripts (C:\Users\hirun\OneDrive\Desktop\Life Location Code Management System\frontend\node_modules\@babel\parser\lib\index.js:11098:23)
      at JSXParserMixin.parseUpdate (C:\Users\hirun\OneDrive\Desktop\Life Location Code Management System\frontend\node_modules\@babel\parser\lib\index.js:11083:21)
      at JSXParserMixin.parseMaybeUnary (C:\Users\hirun\OneDrive\Desktop\Life Location Code Management System\frontend\node_modules\@babel\parser\lib\index.js:11063:23)
      at JSXParserMixin.parseMaybeUnaryOrPrivate (C:\Users\hirun\OneDrive\Desktop\Life Location Code Management System\frontend\node_modules\@babel\parser\lib\index.js:10916:61)
      at JSXParserMixin.parseExprOps (C:\Users\hirun\OneDrive\Desktop\Life Location Code Management System\frontend\node_modules\@babel\parser\lib\index.js:10921:23)
      at JSXParserMixin.parseMaybeConditional (C:\Users\hirun\OneDrive\Desktop\Life Location Code Management System\frontend\node_modules\@babel\parser\lib\index.js:10898:23)
      at JSXParserMixin.parseMaybeAssign (C:\Users\hirun\OneDrive\Desktop\Life Location Code Management System\frontend\node_modules\@babel\parser\lib\index.js:10848:21)
      at C:\Users\hirun\OneDrive\Desktop\Life Location Code Management System\frontend\node_modules\@babel\parser\lib\index.js:10817:39
      at JSXParserMixin.allowInAnd (C:\Users\hirun\OneDrive\Desktop\Life Location Code Management System\frontend\node_modules\@babel\parser\lib\index.js:12438:16)
      at JSXParserMixin.parseMaybeAssignAllowIn (C:\Users\hirun\OneDrive\Desktop\Life Location Code Management System\frontend\node_modules\@babel\parser\lib\index.js:10817:17)
      at JSXParserMixin.parseVar (C:\Users\hirun\OneDrive\Desktop\Life Location Code Management System\frontend\node_modules\@babel\parser\lib\index.js:13401:91)
      at JSXParserMixin.parseVarStatement (C:\Users\hirun\OneDrive\Desktop\Life Location Code Management System\frontend\node_modules\@babel\parser\lib\index.js:13247:10)
      at JSXParserMixin.parseStatementContent (C:\Users\hirun\OneDrive\Desktop\Life Location Code Management System\frontend\node_modules\@babel\parser\lib\index.js:12868:23)
      at JSXParserMixin.parseStatementLike (C:\Users\hirun\OneDrive\Desktop\Life Location Code Management System\frontend\node_modules\@babel\parser\lib\index.js:12784:17)
      at JSXParserMixin.parseModuleItem (C:\Users\hirun\OneDrive\Desktop\Life Location Code Management System\frontend\node_modules\@babel\parser\lib\index.js:12761:17)
      at JSXParserMixin.parseBlockOrModuleBlockBody (C:\Users\hirun\OneDrive\Desktop\Life Location Code Management System\frontend\node_modules\@babel\parser\lib\index.js:13333:36)
      at JSXParserMixin.parseBlockBody (C:\Users\hirun\OneDrive\Desktop\Life Location Code Management System\frontend\node_modules\@babel\parser\lib\index.js:13326:10)
      at JSXParserMixin.parseProgram (C:\Users\hirun\OneDrive\Desktop\Life Location Code Management System\frontend\node_modules\@babel\parser\lib\index.js:12639:10)
      at JSXParserMixin.parseTopLevel (C:\Users\hirun\OneDrive\Desktop\Life Location Code Management System\frontend\node_modules\@babel\parser\lib\index.js:12629:25)
      at JSXParserMixin.parse (C:\Users\hirun\OneDrive\Desktop\Life Location Code Management System\frontend\node_modules\@babel\parser\lib\index.js:14505:25)
      at parse (C:\Users\hirun\OneDrive\Desktop\Life Location Code Management System\frontend\node_modules\@babel\parser\lib\index.js:14539:38)
      at parser (C:\Users\hirun\OneDrive\Desktop\Life Location Code Management System\frontend\node_modules\@babel\core\lib\parser\index.js:41:34)
      at parser.next (<anonymous>)
      at normalizeFile (C:\Users\hirun\OneDrive\Desktop\Life Location Code Management System\frontend\node_modules\@babel\core\lib\transformation\normalize-file.js:51:37)
[2m12:17:54 PM[22m [31m[1m[vite][22m[39m Pre-transform error: C:\Users\hirun\OneDrive\Desktop\Life Location Code Management System\frontend\src\components\Layout.jsx: Unexpected token (8:1)

[0m [90m  6 |[39m
 [90m  7 |[39m [36mconst[39m publicLinks [33m=[39m [
[31m[1m>[22m[39m[90m  8 |[39m [33m<<[39m[33m<<[39m[33m<<[39m[33m<[39m [33mHEAD[39m
 [90m    |[39m  [31m[1m^[22m[39m
 [90m  9 |[39m   { to[33m:[39m [32m'/'[39m[33m,[39m labelKey[33m:[39m [32m'locationDirectoryNav'[39m[33m,[39m end[33m:[39m [36mtrue[39m }[33m,[39m
 [90m 10 |[39m [33m===[39m[33m===[39m[33m=[39m
 [90m 11 |[39m   { to[33m:[39m [32m'/'[39m[33m,[39m labelKey[33m:[39m [32m'home'[39m[33m,[39m end[33m:[39m [36mtrue[39m }[33m,[39m[0m
